[DEBUG] ALLOWED_HOSTS final: ['*'] 
[DEBUG] CSRF_TRUSTED_ORIGINS final: ['http://localhost:8000', 'https://softcom.ccg.hn', 'http://softcom.ccg.hn', 'https://*.ccg.hn', 'http://10.30.1.11']
[DEBUG] Entorno LOCAL detectado. Redis: redis://localhost:6379/0
[DEBUG] Cache: Redis conectado exitosamente en redis://localhost:6379/0
DEBUG: Cargando GrupoTicketAdmin con template unico: admin/callcenter/grupoticket/import_enabled_form.html
Iniciando prueba para folio: SS26-138719
Sincronizando ticket SS26-138719...
Ticket SS26-138719 ingresado.
Fecha Inicio 25/02/2026 configurada.
Fecha Final 27/02/2026 configurada.
Clic en Aplicar filtros realizado.
Esperando a que la fila con el folio SS26-138719 sea visible en la tabla...
Fila del ticket SS26-138719 encontrada.
Ojito clickeado por title en la fila correcta.
Accediendo a la captura de Diagn¾stico...
Bot¾n 'CAPTURAR' de Diagn¾stico clickeado.
Punto agregado al diagn¾stico.
{'status': 'success', 'message': 'Sincronizaci¾n exitosa. El robot lleg¾ hasta el detalle del ticket.', 'screenshot': 'D:\\Apps\\energia\\energy\\downloads\\final_sync_SS26-138719.png'}
