[DEBUG] ALLOWED_HOSTS final: ['*']
[DEBUG] Entorno LOCAL detectado. Redis: redis://localhost:6379/0
[DEBUG] Cache: LocMem (Redis no disponible)
D:\Apps\energia\energy\mantenimiento\admin.py:25: UserWarning: ignoring field 'ruta_completa' because not declared in 'fields' whitelist
  class CategoriaResource(resources.ModelResource):
Iniciando sincronizaci¾n de los ·ltimos 1 dÝas...
[2026-01-30 14:53:54.112731] Navegando a SIG GIA...
Realizando login...
Login exitoso.
Navegado a SSA Seguimiento.
B·squeda avanzada activada. Esperando campos de fecha...
Aplicando filtro de fechas: 29/01/2026 al 30/01/2026
Ocurri¾ un error catastr¾fico durante la sincronizaci¾n: ElementHandle.click: Timeout 30000ms exceeded.
Call log:
  - attempting click action
    2 Î waiting for element to be visible, enabled and stable
      - element is not enabled
    - retrying click action
    - waiting 20ms
    2 Î waiting for element to be visible, enabled and stable
      - element is not enabled
    - retrying click action
      - waiting 100ms
    56 Î waiting for element to be visible, enabled and stable
       - element is not enabled
     - retrying click action
       - waiting 500ms
Traceback (most recent call last):
  File "D:\Apps\energia\energy\callcenter\management\commands\sync_tickets.py", line 30, in handle
    file_path = download_tickets_excel(
        username=username,
    ...<3 lines>...
        download_dir=download_dir
    )
  File "D:\Apps\energia\energy\callcenter\scraper.py", line 79, in download_tickets_excel
    inputs[1].click()
    ~~~~~~~~~~~~~~~^^
  File "C:\Users\Saul\AppData\Local\Programs\Python\Python313\Lib\site-packages\playwright\sync_api\_generated.py", line 2164, in click
    self._sync(
    ~~~~~~~~~~^
        self._impl_obj.click(
        ^^^^^^^^^^^^^^^^^^^^^
    ...<10 lines>...
        )
        ^
    )
    ^
  File "C:\Users\Saul\AppData\Local\Programs\Python\Python313\Lib\site-packages\playwright\_impl\_sync_base.py", line 115, in _sync
    return task.result()
           ~~~~~~~~~~~^^
  File "C:\Users\Saul\AppData\Local\Programs\Python\Python313\Lib\site-packages\playwright\_impl\_element_handle.py", line 143, in click
    await self._channel.send(
        "click", self._frame._timeout, locals_to_params(locals())
    )
  File "C:\Users\Saul\AppData\Local\Programs\Python\Python313\Lib\site-packages\playwright\_impl\_connection.py", line 69, in send
    return await self._connection.wrap_api_call(
           ^^^^^^^^^^^^^^^^^^^^^^^^^^^^^^^^^^^^^
    ...<3 lines>...
    )
    ^
  File "C:\Users\Saul\AppData\Local\Programs\Python\Python313\Lib\site-packages\playwright\_impl\_connection.py", line 559, in wrap_api_call
    raise rewrite_error(error, f"{parsed_st['apiName']}: {error}") from None
playwright._impl._errors.TimeoutError: ElementHandle.click: Timeout 30000ms exceeded.
Call log:
  - attempting click action
    2 Î waiting for element to be visible, enabled and stable
      - element is not enabled
    - retrying click action
    - waiting 20ms
    2 Î waiting for element to be visible, enabled and stable
      - element is not enabled
    - retrying click action
      - waiting 100ms
    56 Î waiting for element to be visible, enabled and stable
       - element is not enabled
     - retrying click action
       - waiting 500ms

